// Jest Snapshot v1, https://goo.gl/fbAQLP

exports[`Renders start menu 1`] = `[Function]`;
